13:18:32 **** Auto Build of configuration Debug for project pmod_ble ****
make pre-build main-build 
a9-linaro-pre-build-step
' '
'Building file: ../src/main.c'
'Invoking: ARM v7 gcc compiler'
arm-none-eabi-gcc -Wall -O0 -g3 -c -fmessage-length=0 -MT"src/main.o" -mcpu=cortex-a9 -mfpu=vfpv3 -mfloat-abi=hard -I../../pmod_ble_bsp/ps7_cortexa9_0/include -MMD -MP -MF"src/main.d" -MT"src/main.o" -o "src/main.o" "../src/main.c"
'Finished building: ../src/main.c'
' '
'Building target: pmod_ble.elf'
'Invoking: ARM v7 gcc linker'
arm-none-eabi-gcc -mcpu=cortex-a9 -mfpu=vfpv3 -mfloat-abi=hard -Wl,-build-id=none -specs=Xilinx.spec -Wl,-T -Wl,../src/lscript.ld -L../../pmod_ble_bsp/ps7_cortexa9_0/lib -o "pmod_ble.elf"  ./src/aes.o ./src/connections.o ./src/helloworld.o ./src/main.o ./src/platform.o ./src/test.o   -Wl,--start-group,-lxil,-lgcc,-lc,--end-group
'Finished building target: pmod_ble.elf'
' '
'Invoking: ARM v7 Print Size'
arm-none-eabi-size pmod_ble.elf  |tee "pmod_ble.elf.size"
   text	   data	    bss	    dec	    hex	filename
  73976	   2600	  23488	 100064	  186e0	pmod_ble.elf
'Finished building: pmod_ble.elf.size'
' '

13:18:33 Build Finished (took 1s.2ms)

