15:34:37 **** Auto Build of configuration Debug for project pmod_ble ****
make pre-build main-build 
a9-linaro-pre-build-step
' '
'Building file: ../src/mod_multi.c'
'Invoking: ARM v7 gcc compiler'
arm-none-eabi-gcc -Wall -O0 -g3 -c -fmessage-length=0 -MT"src/mod_multi.o" -mcpu=cortex-a9 -mfpu=vfpv3 -mfloat-abi=hard -I../../pmod_ble_bsp/ps7_cortexa9_0/include -MMD -MP -MF"src/mod_multi.d" -MT"src/mod_multi.o" -o "src/mod_multi.o" "../src/mod_multi.c"
In file included from ../src/mod_multi.h:6,
                 from ../src/mod_multi.c:4:
../../pmod_ble_bsp/ps7_cortexa9_0/include/xbasic_types.h:120:2: warning: #warning The xbasics_type.h file is deprecated and users should use xil_types.h and xil_assert. [-Wcpp]
 #warning  The xbasics_type.h file is deprecated and users should use xil_types.h and xil_assert.
  ^~~~~~~
../../pmod_ble_bsp/ps7_cortexa9_0/include/xbasic_types.h:121:2: warning: #warning Please refer the Standalone BSP UG647 for further details [-Wcpp]
 #warning  Please refer the Standalone BSP UG647 for further details
  ^~~~~~~
'Finished building: ../src/mod_multi.c'
' '
'Building target: pmod_ble.elf'
'Invoking: ARM v7 gcc linker'
arm-none-eabi-gcc -mcpu=cortex-a9 -mfpu=vfpv3 -mfloat-abi=hard -Wl,-build-id=none -specs=Xilinx.spec -Wl,-T -Wl,../src/lscript.ld -L../../pmod_ble_bsp/ps7_cortexa9_0/lib -o "pmod_ble.elf"  ./src/helloworld.o ./src/main.o ./src/mod_multi.o ./src/platform.o   -Wl,--start-group,-lxil,-lgcc,-lc,--end-group
'Finished building target: pmod_ble.elf'
' '
'Invoking: ARM v7 Print Size'
arm-none-eabi-size pmod_ble.elf  |tee "pmod_ble.elf.size"
   text	   data	    bss	    dec	    hex	filename
  35992	   1560	  23432	  60984	   ee38	pmod_ble.elf
'Finished building: pmod_ble.elf.size'
' '

15:34:38 Build Finished (took 1s.380ms)

